// Jest Snapshot v1, https://goo.gl/fbAQLP

exports[`App ScreenTitle component should render correctly 1`] = `
<DocumentFragment>
  <div
    class="w-full max-w-screen-xl p-4"
    role="textbox"
  >
    <h2
      class="text-lg text-gray-600 font-medium"
    >
      Clean title
    </h2>
  </div>
</DocumentFragment>
`;
